Archive member included to satisfy reference by file (symbol)

/opt/st/stm32cubeide_1.1.0/plugins/com.st.stm32cube.ide.mcu.externaltools.gnu-tools-for-stm32.7-2018-q2-update.linux64_1.0.0.201904181610/tools/bin/../lib/gcc/arm-none-eabi/7.3.1/../../../../arm-none-eabi/lib/thumb/v7e-m/fpv4-sp/hard/libc_nano.a(lib_a-errno.o)
                              Core/Src/syscalls.o (__errno)
/opt/st/stm32cubeide_1.1.0/plugins/com.st.stm32cube.ide.mcu.externaltools.gnu-tools-for-stm32.7-2018-q2-update.linux64_1.0.0.201904181610/tools/bin/../lib/gcc/arm-none-eabi/7.3.1/../../../../arm-none-eabi/lib/thumb/v7e-m/fpv4-sp/hard/libc_nano.a(lib_a-exit.o)
                              /opt/st/stm32cubeide_1.1.0/plugins/com.st.stm32cube.ide.mcu.externaltools.gnu-tools-for-stm32.7-2018-q2-update.linux64_1.0.0.201904181610/tools/bin/../lib/gcc/arm-none-eabi/7.3.1/../../../../arm-none-eabi/lib/thumb/v7e-m/fpv4-sp/hard/crt0.o (exit)
/opt/st/stm32cubeide_1.1.0/plugins/com.st.stm32cube.ide.mcu.externaltools.gnu-tools-for-stm32.7-2018-q2-update.linux64_1.0.0.201904181610/tools/bin/../lib/gcc/arm-none-eabi/7.3.1/../../../../arm-none-eabi/lib/thumb/v7e-m/fpv4-sp/hard/libc_nano.a(lib_a-impure.o)
                              /opt/st/stm32cubeide_1.1.0/plugins/com.st.stm32cube.ide.mcu.externaltools.gnu-tools-for-stm32.7-2018-q2-update.linux64_1.0.0.201904181610/tools/bin/../lib/gcc/arm-none-eabi/7.3.1/../../../../arm-none-eabi/lib/thumb/v7e-m/fpv4-sp/hard/libc_nano.a(lib_a-exit.o) (_global_impure_ptr)
/opt/st/stm32cubeide_1.1.0/plugins/com.st.stm32cube.ide.mcu.externaltools.gnu-tools-for-stm32.7-2018-q2-update.linux64_1.0.0.201904181610/tools/bin/../lib/gcc/arm-none-eabi/7.3.1/../../../../arm-none-eabi/lib/thumb/v7e-m/fpv4-sp/hard/libc_nano.a(lib_a-init.o)
                              /opt/st/stm32cubeide_1.1.0/plugins/com.st.stm32cube.ide.mcu.externaltools.gnu-tools-for-stm32.7-2018-q2-update.linux64_1.0.0.201904181610/tools/bin/../lib/gcc/arm-none-eabi/7.3.1/../../../../arm-none-eabi/lib/thumb/v7e-m/fpv4-sp/hard/crt0.o (__libc_init_array)
/opt/st/stm32cubeide_1.1.0/plugins/com.st.stm32cube.ide.mcu.externaltools.gnu-tools-for-stm32.7-2018-q2-update.linux64_1.0.0.201904181610/tools/bin/../lib/gcc/arm-none-eabi/7.3.1/../../../../arm-none-eabi/lib/thumb/v7e-m/fpv4-sp/hard/libc_nano.a(lib_a-memset.o)
                              /opt/st/stm32cubeide_1.1.0/plugins/com.st.stm32cube.ide.mcu.externaltools.gnu-tools-for-stm32.7-2018-q2-update.linux64_1.0.0.201904181610/tools/bin/../lib/gcc/arm-none-eabi/7.3.1/../../../../arm-none-eabi/lib/thumb/v7e-m/fpv4-sp/hard/crt0.o (memset)
/opt/st/stm32cubeide_1.1.0/plugins/com.st.stm32cube.ide.mcu.externaltools.gnu-tools-for-stm32.7-2018-q2-update.linux64_1.0.0.201904181610/tools/bin/../lib/gcc/arm-none-eabi/7.3.1/thumb/v7e-m/fpv4-sp/hard/libgcc.a(_aeabi_uldivmod.o)
                              Drivers/STM32L4xx_HAL_Driver/Src/stm32l4xx_hal_uart.o (__aeabi_uldivmod)
/opt/st/stm32cubeide_1.1.0/plugins/com.st.stm32cube.ide.mcu.externaltools.gnu-tools-for-stm32.7-2018-q2-update.linux64_1.0.0.201904181610/tools/bin/../lib/gcc/arm-none-eabi/7.3.1/thumb/v7e-m/fpv4-sp/hard/libgcc.a(_udivmoddi4.o)
                              /opt/st/stm32cubeide_1.1.0/plugins/com.st.stm32cube.ide.mcu.externaltools.gnu-tools-for-stm32.7-2018-q2-update.linux64_1.0.0.201904181610/tools/bin/../lib/gcc/arm-none-eabi/7.3.1/thumb/v7e-m/fpv4-sp/hard/libgcc.a(_aeabi_uldivmod.o) (__udivmoddi4)
/opt/st/stm32cubeide_1.1.0/plugins/com.st.stm32cube.ide.mcu.externaltools.gnu-tools-for-stm32.7-2018-q2-update.linux64_1.0.0.201904181610/tools/bin/../lib/gcc/arm-none-eabi/7.3.1/thumb/v7e-m/fpv4-sp/hard/libgcc.a(_dvmd_tls.o)
                              /opt/st/stm32cubeide_1.1.0/plugins/com.st.stm32cube.ide.mcu.externaltools.gnu-tools-for-stm32.7-2018-q2-update.linux64_1.0.0.201904181610/tools/bin/../lib/gcc/arm-none-eabi/7.3.1/thumb/v7e-m/fpv4-sp/hard/libgcc.a(_aeabi_uldivmod.o) (__aeabi_ldiv0)

Allocating common symbols
Common symbol       size              file

uwTick              0x4               Drivers/STM32L4xx_HAL_Driver/Src/stm32l4xx_hal.o
huart2              0x80              Core/Src/usart.o

Discarded input sections

 .text          0x0000000000000000        0x0 /opt/st/stm32cubeide_1.1.0/plugins/com.st.stm32cube.ide.mcu.externaltools.gnu-tools-for-stm32.7-2018-q2-update.linux64_1.0.0.201904181610/tools/bin/../lib/gcc/arm-none-eabi/7.3.1/thumb/v7e-m/fpv4-sp/hard/crti.o
 .data          0x0000000000000000        0x0 /opt/st/stm32cubeide_1.1.0/plugins/com.st.stm32cube.ide.mcu.externaltools.gnu-tools-for-stm32.7-2018-q2-update.linux64_1.0.0.201904181610/tools/bin/../lib/gcc/arm-none-eabi/7.3.1/thumb/v7e-m/fpv4-sp/hard/crti.o
 .bss           0x0000000000000000        0x0 /opt/st/stm32cubeide_1.1.0/plugins/com.st.stm32cube.ide.mcu.externaltools.gnu-tools-for-stm32.7-2018-q2-update.linux64_1.0.0.201904181610/tools/bin/../lib/gcc/arm-none-eabi/7.3.1/thumb/v7e-m/fpv4-sp/hard/crti.o
[...]
Memory Configuration

Name             Origin             Length             Attributes
RAM              0x0000000020000000 0x0000000000018000 xrw
RAM2             0x0000000010000000 0x0000000000008000 xrw
FLASH            0x0000000008000000 0x0000000000100000 xr
*default*        0x0000000000000000 0xffffffffffffffff

Linker script and memory map

LOAD /opt/st/stm32cubeide_1.1.0/plugins/com.st.stm32cube.ide.mcu.externaltools.gnu-tools-for-stm32.7-2018-q2-update.linux64_1.0.0.201904181610/tools/bin/../lib/gcc/arm-none-eabi/7.3.1/thumb/v7e-m/fpv4-sp/hard/crti.o
LOAD /opt/st/stm32cubeide_1.1.0/plugins/com.st.stm32cube.ide.mcu.externaltools.gnu-tools-for-stm32.7-2018-q2-update.linux64_1.0.0.201904181610/tools/bin/../lib/gcc/arm-none-eabi/7.3.1/thumb/v7e-m/fpv4-sp/hard/crtbegin.o
LOAD /opt/st/stm32cubeide_1.1.0/plugins/com.st.stm32cube.ide.mcu.externaltools.gnu-tools-for-stm32.7-2018-q2-update.linux64_1.0.0.201904181610/tools/bin/../lib/gcc/arm-none-eabi/7.3.1/../../../../arm-none-eabi/lib/thumb/v7e-m/fpv4-sp/hard/crt0.o
LOAD Core/Src/clock.o
LOAD Core/Src/gpio.o
LOAD Core/Src/main.o
LOAD Core/Src/pingpong.o
LOAD Core/Src/pingpong_functions.o
LOAD Core/Src/stm32l4xx_hal_msp.o
LOAD Core/Src/stm32l4xx_it.o
LOAD Core/Src/sys.o
LOAD Core/Src/syscalls.o
LOAD Core/Src/sysmem.o
LOAD Core/Src/system_stm32l4xx.o
LOAD Core/Src/test.o
LOAD Core/Src/usart.o
LOAD Core/Startup/startup_stm32l476rgtx.o
LOAD Drivers/STM32L4xx_HAL_Driver/Src/stm32l4xx_hal.o
LOAD Drivers/STM32L4xx_HAL_Driver/Src/stm32l4xx_hal_cortex.o
LOAD Drivers/STM32L4xx_HAL_Driver/Src/stm32l4xx_hal_dma.o
LOAD Drivers/STM32L4xx_HAL_Driver/Src/stm32l4xx_hal_dma_ex.o
LOAD Drivers/STM32L4xx_HAL_Driver/Src/stm32l4xx_hal_exti.o
LOAD Drivers/STM32L4xx_HAL_Driver/Src/stm32l4xx_hal_flash.o
LOAD Drivers/STM32L4xx_HAL_Driver/Src/stm32l4xx_hal_flash_ex.o
LOAD Drivers/STM32L4xx_HAL_Driver/Src/stm32l4xx_hal_flash_ramfunc.o
LOAD Drivers/STM32L4xx_HAL_Driver/Src/stm32l4xx_hal_gpio.o
LOAD Drivers/STM32L4xx_HAL_Driver/Src/stm32l4xx_hal_i2c.o
LOAD Drivers/STM32L4xx_HAL_Driver/Src/stm32l4xx_hal_i2c_ex.o
LOAD Drivers/STM32L4xx_HAL_Driver/Src/stm32l4xx_hal_pwr.o
LOAD Drivers/STM32L4xx_HAL_Driver/Src/stm32l4xx_hal_pwr_ex.o
LOAD Drivers/STM32L4xx_HAL_Driver/Src/stm32l4xx_hal_rcc.o
LOAD Drivers/STM32L4xx_HAL_Driver/Src/stm32l4xx_hal_rcc_ex.o
LOAD Drivers/STM32L4xx_HAL_Driver/Src/stm32l4xx_hal_tim.o
LOAD Drivers/STM32L4xx_HAL_Driver/Src/stm32l4xx_hal_tim_ex.o
LOAD Drivers/STM32L4xx_HAL_Driver/Src/stm32l4xx_hal_uart.o
LOAD Drivers/STM32L4xx_HAL_Driver/Src/stm32l4xx_hal_uart_ex.o
START GROUP
LOAD /opt/st/stm32cubeide_1.1.0/plugins/com.st.stm32cube.ide.mcu.externaltools.gnu-tools-for-stm32.7-2018-q2-update.linux64_1.0.0.201904181610/tools/bin/../lib/gcc/arm-none-eabi/7.3.1/../../../../arm-none-eabi/lib/thumb/v7e-m/fpv4-sp/hard/libc_nano.a
LOAD /opt/st/stm32cubeide_1.1.0/plugins/com.st.stm32cube.ide.mcu.externaltools.gnu-tools-for-stm32.7-2018-q2-update.linux64_1.0.0.201904181610/tools/bin/../lib/gcc/arm-none-eabi/7.3.1/../../../../arm-none-eabi/lib/thumb/v7e-m/fpv4-sp/hard/libm.a
END GROUP
START GROUP
LOAD /opt/st/stm32cubeide_1.1.0/plugins/com.st.stm32cube.ide.mcu.externaltools.gnu-tools-for-stm32.7-2018-q2-update.linux64_1.0.0.201904181610/tools/bin/../lib/gcc/arm-none-eabi/7.3.1/thumb/v7e-m/fpv4-sp/hard/libgcc.a
LOAD /opt/st/stm32cubeide_1.1.0/plugins/com.st.stm32cube.ide.mcu.externaltools.gnu-tools-for-stm32.7-2018-q2-update.linux64_1.0.0.201904181610/tools/bin/../lib/gcc/arm-none-eabi/7.3.1/../../../../arm-none-eabi/lib/thumb/v7e-m/fpv4-sp/hard/libc_nano.a
END GROUP
START GROUP
LOAD /opt/st/stm32cubeide_1.1.0/plugins/com.st.stm32cube.ide.mcu.externaltools.gnu-tools-for-stm32.7-2018-q2-update.linux64_1.0.0.201904181610/tools/bin/../lib/gcc/arm-none-eabi/7.3.1/thumb/v7e-m/fpv4-sp/hard/libgcc.a
LOAD /opt/st/stm32cubeide_1.1.0/plugins/com.st.stm32cube.ide.mcu.externaltools.gnu-tools-for-stm32.7-2018-q2-update.linux64_1.0.0.201904181610/tools/bin/../lib/gcc/arm-none-eabi/7.3.1/../../../../arm-none-eabi/lib/thumb/v7e-m/fpv4-sp/hard/libc_nano.a
LOAD /opt/st/stm32cubeide_1.1.0/plugins/com.st.stm32cube.ide.mcu.externaltools.gnu-tools-for-stm32.7-2018-q2-update.linux64_1.0.0.201904181610/tools/bin/../lib/gcc/arm-none-eabi/7.3.1/../../../../arm-none-eabi/lib/thumb/v7e-m/fpv4-sp/hard/libnosys.a
END GROUP
START GROUP
LOAD /opt/st/stm32cubeide_1.1.0/plugins/com.st.stm32cube.ide.mcu.externaltools.gnu-tools-for-stm32.7-2018-q2-update.linux64_1.0.0.201904181610/tools/bin/../lib/gcc/arm-none-eabi/7.3.1/thumb/v7e-m/fpv4-sp/hard/libgcc.a
LOAD /opt/st/stm32cubeide_1.1.0/plugins/com.st.stm32cube.ide.mcu.externaltools.gnu-tools-for-stm32.7-2018-q2-update.linux64_1.0.0.201904181610/tools/bin/../lib/gcc/arm-none-eabi/7.3.1/../../../../arm-none-eabi/lib/thumb/v7e-m/fpv4-sp/hard/libc_nano.a
LOAD /opt/st/stm32cubeide_1.1.0/plugins/com.st.stm32cube.ide.mcu.externaltools.gnu-tools-for-stm32.7-2018-q2-update.linux64_1.0.0.201904181610/tools/bin/../lib/gcc/arm-none-eabi/7.3.1/../../../../arm-none-eabi/lib/thumb/v7e-m/fpv4-sp/hard/libnosys.a
END GROUP
LOAD /opt/st/stm32cubeide_1.1.0/plugins/com.st.stm32cube.ide.mcu.externaltools.gnu-tools-for-stm32.7-2018-q2-update.linux64_1.0.0.201904181610/tools/bin/../lib/gcc/arm-none-eabi/7.3.1/thumb/v7e-m/fpv4-sp/hard/crtend.o
LOAD /opt/st/stm32cubeide_1.1.0/plugins/com.st.stm32cube.ide.mcu.externaltools.gnu-tools-for-stm32.7-2018-q2-update.linux64_1.0.0.201904181610/tools/bin/../lib/gcc/arm-none-eabi/7.3.1/thumb/v7e-m/fpv4-sp/hard/crtn.o
                0x0000000020018000                _estack = (ORIGIN (RAM) + LENGTH (RAM))
                0x0000000000000200                _Min_Heap_Size = 0x200
                0x0000000000000400                _Min_Stack_Size = 0x400

.isr_vector     0x0000000008000000      0x188
                0x0000000008000000                . = ALIGN (0x4)
 *(.isr_vector)
 .isr_vector    0x0000000008000000      0x188 Core/Startup/startup_stm32l476rgtx.o
                0x0000000008000000                g_pfnVectors
                0x0000000008000188                . = ALIGN (0x4)

.text           0x0000000008000188     0x3120
                0x0000000008000188                . = ALIGN (0x4)
 *(.text)
 .text          0x0000000008000188       0x40 /opt/st/stm32cubeide_1.1.0/plugins/com.st.stm32cube.ide.mcu.externaltools.gnu-tools-for-stm32.7-2018-q2-update.linux64_1.0.0.201904181610/tools/bin/../lib/gcc/arm-none-eabi/7.3.1/thumb/v7e-m/fpv4-sp/hard/crtbegin.o
 .text          0x00000000080001c8       0x30 /opt/st/stm32cubeide_1.1.0/plugins/com.st.stm32cube.ide.mcu.externaltools.gnu-tools-for-stm32.7-2018-q2-update.linux64_1.0.0.201904181610/tools/bin/../lib/gcc/arm-none-eabi/7.3.1/thumb/v7e-m/fpv4-sp/hard/libgcc.a(_aeabi_uldivmod.o)
                0x00000000080001c8                __aeabi_uldivmod
 .text          0x00000000080001f8      0x2cc /opt/st/stm32cubeide_1.1.0/plugins/com.st.stm32cube.ide.mcu.externaltools.gnu-tools-for-stm32.7-2018-q2-update.linux64_1.0.0.201904181610/tools/bin/../lib/gcc/arm-none-eabi/7.3.1/thumb/v7e-m/fpv4-sp/hard/libgcc.a(_udivmoddi4.o)
                0x00000000080001f8                __udivmoddi4
 .text          0x00000000080004c4        0x4 /opt/st/stm32cubeide_1.1.0/plugins/com.st.stm32cube.ide.mcu.externaltools.gnu-tools-for-stm32.7-2018-q2-update.linux64_1.0.0.201904181610/tools/bin/../lib/gcc/arm-none-eabi/7.3.1/thumb/v7e-m/fpv4-sp/hard/libgcc.a(_dvmd_tls.o)
                0x00000000080004c4                __aeabi_ldiv0
                0x00000000080004c4                __aeabi_idiv0
 *(.text*)
 .text.SystemClock_Config
                0x00000000080004c8       0xea Core/Src/clock.o
                0x00000000080004c8                SystemClock_Config
 *fill*         0x00000000080005b2        0x2 
 .text.MX_GPIO_Init
                0x00000000080005b4      0x15c Core/Src/gpio.o
                0x00000000080005b4                MX_GPIO_Init
 .text.main     0x0000000008000710       0x1a Core/Src/main.o
                0x0000000008000710                main
 .text.Error_Handler
                0x000000000800072a        0xe Core/Src/main.o
                0x000000000800072a                Error_Handler
 .text.Blink_LEDs
                0x0000000008000738      0x164 Core/Src/pingpong_functions.o
                0x0000000008000738                Blink_LEDs
 .text.Show_points
                0x000000000800089c      0x164 Core/Src/pingpong_functions.o
                0x000000000800089c                Show_points
 .text.HAL_MspInit
                0x0000000008000a00       0x48 Core/Src/stm32l4xx_hal_msp.o
                0x0000000008000a00                HAL_MspInit
 .text.NMI_Handler
                0x0000000008000a48        0xe Core/Src/stm32l4xx_it.o
                0x0000000008000a48                NMI_Handler
 .text.HardFault_Handler
                0x0000000008000a56        0x6 Core/Src/stm32l4xx_it.o
                0x0000000008000a56                HardFault_Handler
 .text.MemManage_Handler
                0x0000000008000a5c        0x6 Core/Src/stm32l4xx_it.o
                0x0000000008000a5c                MemManage_Handler
 .text.BusFault_Handler
                0x0000000008000a62        0x6 Core/Src/stm32l4xx_it.o
                0x0000000008000a62                BusFault_Handler
 .text.UsageFault_Handler
                0x0000000008000a68        0x6 Core/Src/stm32l4xx_it.o
                0x0000000008000a68                UsageFault_Handler
 .text.SVC_Handler
                0x0000000008000a6e        0xe Core/Src/stm32l4xx_it.o
                0x0000000008000a6e                SVC_Handler
 .text.DebugMon_Handler
                0x0000000008000a7c        0xe Core/Src/stm32l4xx_it.o
                0x0000000008000a7c                DebugMon_Handler
 .text.PendSV_Handler
                0x0000000008000a8a        0xe Core/Src/stm32l4xx_it.o
                0x0000000008000a8a                PendSV_Handler
 .text.SysTick_Handler
                0x0000000008000a98        0xc Core/Src/stm32l4xx_it.o
                0x0000000008000a98                SysTick_Handler
 .text.SystemInit
                0x0000000008000aa4       0x6c Core/Src/system_stm32l4xx.o
                0x0000000008000aa4                SystemInit
 .text.Test_program
                0x0000000008000b10        0xc Core/Src/test.o
                0x0000000008000b10                Test_program
 .text.Test_Show_points
                0x0000000008000b1c       0x48 Core/Src/test.o
                0x0000000008000b1c                Test_Show_points
 .text.MX_USART2_UART_Init
                0x0000000008000b64       0x60 Core/Src/usart.o
                0x0000000008000b64                MX_USART2_UART_Init
 .text.HAL_UART_MspInit
                0x0000000008000bc4       0x84 Core/Src/usart.o
                0x0000000008000bc4                HAL_UART_MspInit
 .text.Reset_Handler
                0x0000000008000c48       0x50 Core/Startup/startup_stm32l476rgtx.o
                0x0000000008000c48                Reset_Handler
 .text.Default_Handler
                0x0000000008000c98        0x2 Core/Startup/startup_stm32l476rgtx.o
                0x0000000008000c98                RTC_Alarm_IRQHandler
                0x0000000008000c98                EXTI2_IRQHandler
                0x0000000008000c98                TIM8_TRG_COM_IRQHandler
                0x0000000008000c98                TIM8_CC_IRQHandler
                0x0000000008000c98                TIM1_CC_IRQHandler
                0x0000000008000c98                TSC_IRQHandler
                0x0000000008000c98                TAMP_STAMP_IRQHandler
                0x0000000008000c98                EXTI3_IRQHandler
                0x0000000008000c98                LPTIM2_IRQHandler
                0x0000000008000c98                DFSDM1_FLT1_IRQHandler
                0x0000000008000c98                I2C3_ER_IRQHandler
                0x0000000008000c98                DFSDM1_FLT2_IRQHandler
                0x0000000008000c98                EXTI0_IRQHandler
                0x0000000008000c98                I2C2_EV_IRQHandler
                0x0000000008000c98                CAN1_RX0_IRQHandler
                0x0000000008000c98                FPU_IRQHandler
                0x0000000008000c98                TIM1_UP_TIM16_IRQHandler
                0x0000000008000c98                ADC1_2_IRQHandler
                0x0000000008000c98                SPI1_IRQHandler
                0x0000000008000c98                TIM6_DAC_IRQHandler
                0x0000000008000c98                TIM8_UP_IRQHandler
                0x0000000008000c98                DMA2_Channel2_IRQHandler
                0x0000000008000c98                DMA1_Channel4_IRQHandler
                0x0000000008000c98                SAI2_IRQHandler
                0x0000000008000c98                DFSDM1_FLT3_IRQHandler
                0x0000000008000c98                USART3_IRQHandler
                0x0000000008000c98                DMA1_Channel7_IRQHandler
                0x0000000008000c98                CAN1_RX1_IRQHandler
                0x0000000008000c98                LCD_IRQHandler
                0x0000000008000c98                UART5_IRQHandler
                0x0000000008000c98                ADC3_IRQHandler
                0x0000000008000c98                TIM4_IRQHandler
                0x0000000008000c98                DMA2_Channel1_IRQHandler
                0x0000000008000c98                QUADSPI_IRQHandler
                0x0000000008000c98                I2C1_EV_IRQHandler
                0x0000000008000c98                DMA1_Channel6_IRQHandler
                0x0000000008000c98                UART4_IRQHandler
                0x0000000008000c98                DMA2_Channel4_IRQHandler
                0x0000000008000c98                TIM3_IRQHandler
                0x0000000008000c98                RCC_IRQHandler
                0x0000000008000c98                DMA1_Channel1_IRQHandler
                0x0000000008000c98                Default_Handler
                0x0000000008000c98                DMA2_Channel7_IRQHandler
                0x0000000008000c98                EXTI15_10_IRQHandler
                0x0000000008000c98                TIM7_IRQHandler
                0x0000000008000c98                SDMMC1_IRQHandler
                0x0000000008000c98                TIM5_IRQHandler
                0x0000000008000c98                I2C3_EV_IRQHandler
                0x0000000008000c98                EXTI9_5_IRQHandler
                0x0000000008000c98                RTC_WKUP_IRQHandler
                0x0000000008000c98                PVD_PVM_IRQHandler
                0x0000000008000c98                SPI2_IRQHandler
                0x0000000008000c98                CAN1_TX_IRQHandler
                0x0000000008000c98                DMA2_Channel5_IRQHandler
                0x0000000008000c98                DMA1_Channel5_IRQHandler
                0x0000000008000c98                EXTI4_IRQHandler
                0x0000000008000c98                RNG_IRQHandler
                0x0000000008000c98                TIM1_TRG_COM_TIM17_IRQHandler
                0x0000000008000c98                DMA1_Channel3_IRQHandler
                0x0000000008000c98                COMP_IRQHandler
                0x0000000008000c98                WWDG_IRQHandler
                0x0000000008000c98                LPUART1_IRQHandler
                0x0000000008000c98                DMA2_Channel6_IRQHandler
                0x0000000008000c98                TIM2_IRQHandler
                0x0000000008000c98                EXTI1_IRQHandler
                0x0000000008000c98                USART2_IRQHandler
                0x0000000008000c98                DFSDM1_FLT0_IRQHandler
                0x0000000008000c98                I2C2_ER_IRQHandler
                0x0000000008000c98                DMA1_Channel2_IRQHandler
                0x0000000008000c98                TIM8_BRK_IRQHandler
                0x0000000008000c98                CAN1_SCE_IRQHandler
                0x0000000008000c98                FLASH_IRQHandler
                0x0000000008000c98                USART1_IRQHandler
                0x0000000008000c98                OTG_FS_IRQHandler
                0x0000000008000c98                SPI3_IRQHandler
                0x0000000008000c98                I2C1_ER_IRQHandler
                0x0000000008000c98                FMC_IRQHandler
                0x0000000008000c98                SWPMI1_IRQHandler
                0x0000000008000c98                LPTIM1_IRQHandler
                0x0000000008000c98                SAI1_IRQHandler
                0x0000000008000c98                DMA2_Channel3_IRQHandler
                0x0000000008000c98                TIM1_BRK_TIM15_IRQHandler
 *fill*         0x0000000008000c9a        0x2 
 .text.HAL_Init
                0x0000000008000c9c       0x40 Drivers/STM32L4xx_HAL_Driver/Src/stm32l4xx_hal.o
                0x0000000008000c9c                HAL_Init
 .text.HAL_InitTick
                0x0000000008000cdc       0x74 Drivers/STM32L4xx_HAL_Driver/Src/stm32l4xx_hal.o
                0x0000000008000cdc                HAL_InitTick
 .text.HAL_IncTick
                0x0000000008000d50       0x24 Drivers/STM32L4xx_HAL_Driver/Src/stm32l4xx_hal.o
                0x0000000008000d50                HAL_IncTick
 .text.HAL_GetTick
                0x0000000008000d74       0x18 Drivers/STM32L4xx_HAL_Driver/Src/stm32l4xx_hal.o
                0x0000000008000d74                HAL_GetTick
 .text.HAL_Delay
                0x0000000008000d8c       0x44 Drivers/STM32L4xx_HAL_Driver/Src/stm32l4xx_hal.o
                0x0000000008000d8c                HAL_Delay
 .text.__NVIC_SetPriorityGrouping
                0x0000000008000dd0       0x48 Drivers/STM32L4xx_HAL_Driver/Src/stm32l4xx_hal_cortex.o
 .text.__NVIC_GetPriorityGrouping
                0x0000000008000e18       0x1c Drivers/STM32L4xx_HAL_Driver/Src/stm32l4xx_hal_cortex.o
 .text.__NVIC_SetPriority
                0x0000000008000e34       0x54 Drivers/STM32L4xx_HAL_Driver/Src/stm32l4xx_hal_cortex.o
 .text.NVIC_EncodePriority
                0x0000000008000e88       0x66 Drivers/STM32L4xx_HAL_Driver/Src/stm32l4xx_hal_cortex.o
 *fill*         0x0000000008000eee        0x2 
 .text.SysTick_Config
                0x0000000008000ef0       0x44 Drivers/STM32L4xx_HAL_Driver/Src/stm32l4xx_hal_cortex.o
 .text.HAL_NVIC_SetPriorityGrouping
                0x0000000008000f34       0x16 Drivers/STM32L4xx_HAL_Driver/Src/stm32l4xx_hal_cortex.o
                0x0000000008000f34                HAL_NVIC_SetPriorityGrouping
 .text.HAL_NVIC_SetPriority
                0x0000000008000f4a       0x38 Drivers/STM32L4xx_HAL_Driver/Src/stm32l4xx_hal_cortex.o
                0x0000000008000f4a                HAL_NVIC_SetPriority
 .text.HAL_SYSTICK_Config
                0x0000000008000f82       0x18 Drivers/STM32L4xx_HAL_Driver/Src/stm32l4xx_hal_cortex.o
                0x0000000008000f82                HAL_SYSTICK_Config
 *fill*         0x0000000008000f9a        0x2 
 .text.HAL_GPIO_Init
                0x0000000008000f9c      0x350 Drivers/STM32L4xx_HAL_Driver/Src/stm32l4xx_hal_gpio.o
                0x0000000008000f9c                HAL_GPIO_Init
 .text.HAL_GPIO_WritePin
                0x00000000080012ec       0x30 Drivers/STM32L4xx_HAL_Driver/Src/stm32l4xx_hal_gpio.o
                0x00000000080012ec                HAL_GPIO_WritePin
 .text.HAL_PWREx_GetVoltageRange
                0x000000000800131c       0x1c Drivers/STM32L4xx_HAL_Driver/Src/stm32l4xx_hal_pwr_ex.o
                0x000000000800131c                HAL_PWREx_GetVoltageRange
 .text.HAL_PWREx_ControlVoltageScaling
                0x0000000008001338       0xac Drivers/STM32L4xx_HAL_Driver/Src/stm32l4xx_hal_pwr_ex.o
                0x0000000008001338                HAL_PWREx_ControlVoltageScaling
 .text.HAL_RCC_OscConfig
                0x00000000080013e4      0x760 Drivers/STM32L4xx_HAL_Driver/Src/stm32l4xx_hal_rcc.o
                0x00000000080013e4                HAL_RCC_OscConfig
 .text.HAL_RCC_ClockConfig
                0x0000000008001b44      0x1c4 Drivers/STM32L4xx_HAL_Driver/Src/stm32l4xx_hal_rcc.o
                0x0000000008001b44                HAL_RCC_ClockConfig
 .text.HAL_RCC_GetSysClockFreq
                0x0000000008001d08      0x114 Drivers/STM32L4xx_HAL_Driver/Src/stm32l4xx_hal_rcc.o
                0x0000000008001d08                HAL_RCC_GetSysClockFreq
 .text.HAL_RCC_GetHCLKFreq
                0x0000000008001e1c       0x18 Drivers/STM32L4xx_HAL_Driver/Src/stm32l4xx_hal_rcc.o
                0x0000000008001e1c                HAL_RCC_GetHCLKFreq
 .text.HAL_RCC_GetPCLK1Freq
                0x0000000008001e34       0x2c Drivers/STM32L4xx_HAL_Driver/Src/stm32l4xx_hal_rcc.o
                0x0000000008001e34                HAL_RCC_GetPCLK1Freq
 .text.HAL_RCC_GetPCLK2Freq
                0x0000000008001e60       0x2c Drivers/STM32L4xx_HAL_Driver/Src/stm32l4xx_hal_rcc.o
                0x0000000008001e60                HAL_RCC_GetPCLK2Freq
 .text.RCC_SetFlashLatencyFromMSIRange
                0x0000000008001e8c       0xc0 Drivers/STM32L4xx_HAL_Driver/Src/stm32l4xx_hal_rcc.o
 .text.HAL_RCCEx_PeriphCLKConfig
                0x0000000008001f4c      0x5cc Drivers/STM32L4xx_HAL_Driver/Src/stm32l4xx_hal_rcc_ex.o
                0x0000000008001f4c                HAL_RCCEx_PeriphCLKConfig
 .text.RCCEx_PLLSAI1_Config
                0x0000000008002518      0x1e0 Drivers/STM32L4xx_HAL_Driver/Src/stm32l4xx_hal_rcc_ex.o
 .text.RCCEx_PLLSAI2_Config
                0x00000000080026f8      0x1b4 Drivers/STM32L4xx_HAL_Driver/Src/stm32l4xx_hal_rcc_ex.o
 .text.HAL_UART_Init
                0x00000000080028ac       0x9c Drivers/STM32L4xx_HAL_Driver/Src/stm32l4xx_hal_uart.o
                0x00000000080028ac                HAL_UART_Init
 .text.UART_SetConfig
                0x0000000008002948      0x690 Drivers/STM32L4xx_HAL_Driver/Src/stm32l4xx_hal_uart.o
                0x0000000008002948                UART_SetConfig
 .text.UART_AdvFeatureConfig
                0x0000000008002fd8      0x144 Drivers/STM32L4xx_HAL_Driver/Src/stm32l4xx_hal_uart.o
                0x0000000008002fd8                UART_AdvFeatureConfig
 .text.UART_CheckIdleState
                0x000000000800311c       0x8a Drivers/STM32L4xx_HAL_Driver/Src/stm32l4xx_hal_uart.o
                0x000000000800311c                UART_CheckIdleState
 .text.UART_WaitOnFlagUntilTimeout
                0x00000000080031a6       0x90 Drivers/STM32L4xx_HAL_Driver/Src/stm32l4xx_hal_uart.o
                0x00000000080031a6                UART_WaitOnFlagUntilTimeout
 *fill*         0x0000000008003236        0x2 
 .text.__libc_init_array
                0x0000000008003238       0x48 /opt/st/stm32cubeide_1.1.0/plugins/com.st.stm32cube.ide.mcu.externaltools.gnu-tools-for-stm32.7-2018-q2-update.linux64_1.0.0.201904181610/tools/bin/../lib/gcc/arm-none-eabi/7.3.1/../../../../arm-none-eabi/lib/thumb/v7e-m/fpv4-sp/hard/libc_nano.a(lib_a-init.o)
                0x0000000008003238                __libc_init_array
 .text.memset   0x0000000008003280       0x10 /opt/st/stm32cubeide_1.1.0/plugins/com.st.stm32cube.ide.mcu.externaltools.gnu-tools-for-stm32.7-2018-q2-update.linux64_1.0.0.201904181610/tools/bin/../lib/gcc/arm-none-eabi/7.3.1/../../../../arm-none-eabi/lib/thumb/v7e-m/fpv4-sp/hard/libc_nano.a(lib_a-memset.o)
                0x0000000008003280                memset
 *(.glue_7)
 .glue_7        0x0000000008003290        0x0 linker stubs
 *(.glue_7t)
 .glue_7t       0x0000000008003290        0x0 linker stubs
 *(.eh_frame)
 .eh_frame      0x0000000008003290        0x0 /opt/st/stm32cubeide_1.1.0/plugins/com.st.stm32cube.ide.mcu.externaltools.gnu-tools-for-stm32.7-2018-q2-update.linux64_1.0.0.201904181610/tools/bin/../lib/gcc/arm-none-eabi/7.3.1/thumb/v7e-m/fpv4-sp/hard/crtbegin.o
 *(.init)
 .init          0x0000000008003290        0x4 /opt/st/stm32cubeide_1.1.0/plugins/com.st.stm32cube.ide.mcu.externaltools.gnu-tools-for-stm32.7-2018-q2-update.linux64_1.0.0.201904181610/tools/bin/../lib/gcc/arm-none-eabi/7.3.1/thumb/v7e-m/fpv4-sp/hard/crti.o
                0x0000000008003290                _init
 .init          0x0000000008003294        0x8 /opt/st/stm32cubeide_1.1.0/plugins/com.st.stm32cube.ide.mcu.externaltools.gnu-tools-for-stm32.7-2018-q2-update.linux64_1.0.0.201904181610/tools/bin/../lib/gcc/arm-none-eabi/7.3.1/thumb/v7e-m/fpv4-sp/hard/crtn.o
 *(.fini)
 .fini          0x000000000800329c        0x4 /opt/st/stm32cubeide_1.1.0/plugins/com.st.stm32cube.ide.mcu.externaltools.gnu-tools-for-stm32.7-2018-q2-update.linux64_1.0.0.201904181610/tools/bin/../lib/gcc/arm-none-eabi/7.3.1/thumb/v7e-m/fpv4-sp/hard/crti.o
                0x000000000800329c                _fini
 .fini          0x00000000080032a0        0x8 /opt/st/stm32cubeide_1.1.0/plugins/com.st.stm32cube.ide.mcu.externaltools.gnu-tools-for-stm32.7-2018-q2-update.linux64_1.0.0.201904181610/tools/bin/../lib/gcc/arm-none-eabi/7.3.1/thumb/v7e-m/fpv4-sp/hard/crtn.o
                0x00000000080032a8                . = ALIGN (0x4)
                0x00000000080032a8                _etext = .

.vfp11_veneer   0x00000000080032a8        0x0
 .vfp11_veneer  0x00000000080032a8        0x0 linker stubs

.v4_bx          0x00000000080032a8        0x0
 .v4_bx         0x00000000080032a8        0x0 linker stubs

.iplt           0x00000000080032a8        0x0
 .iplt          0x00000000080032a8        0x0 /opt/st/stm32cubeide_1.1.0/plugins/com.st.stm32cube.ide.mcu.externaltools.gnu-tools-for-stm32.7-2018-q2-update.linux64_1.0.0.201904181610/tools/bin/../lib/gcc/arm-none-eabi/7.3.1/thumb/v7e-m/fpv4-sp/hard/crtbegin.o

.rodata         0x00000000080032a8       0xa8
                0x00000000080032a8                . = ALIGN (0x4)
 *(.rodata)
 .rodata        0x00000000080032a8       0x60 Core/Src/pingpong_functions.o
 *(.rodata*)
 .rodata.AHBPrescTable
                0x0000000008003308       0x10 Core/Src/system_stm32l4xx.o
                0x0000000008003308                AHBPrescTable
 .rodata.APBPrescTable
                0x0000000008003318        0x8 Core/Src/system_stm32l4xx.o
                0x0000000008003318                APBPrescTable
 .rodata.MSIRangeTable
                0x0000000008003320       0x30 Core/Src/system_stm32l4xx.o
                0x0000000008003320                MSIRangeTable
                0x0000000008003350                . = ALIGN (0x4)

.ARM.extab      0x0000000008003350        0x0
                0x0000000008003350                . = ALIGN (0x4)
 *(.ARM.extab* .gnu.linkonce.armextab.*)
                0x0000000008003350                . = ALIGN (0x4)

.ARM            0x0000000008003350        0x8
                0x0000000008003350                . = ALIGN (0x4)
                0x0000000008003350                __exidx_start = .
 *(.ARM.exidx*)
 .ARM.exidx     0x0000000008003350        0x8 /opt/st/stm32cubeide_1.1.0/plugins/com.st.stm32cube.ide.mcu.externaltools.gnu-tools-for-stm32.7-2018-q2-update.linux64_1.0.0.201904181610/tools/bin/../lib/gcc/arm-none-eabi/7.3.1/thumb/v7e-m/fpv4-sp/hard/libgcc.a(_udivmoddi4.o)
                0x0000000008003358                __exidx_end = .
                0x0000000008003358                . = ALIGN (0x4)

.rel.dyn        0x0000000008003358        0x0
 .rel.iplt      0x0000000008003358        0x0 /opt/st/stm32cubeide_1.1.0/plugins/com.st.stm32cube.ide.mcu.externaltools.gnu-tools-for-stm32.7-2018-q2-update.linux64_1.0.0.201904181610/tools/bin/../lib/gcc/arm-none-eabi/7.3.1/thumb/v7e-m/fpv4-sp/hard/crtbegin.o

.preinit_array  0x0000000008003358        0x0
                0x0000000008003358                . = ALIGN (0x4)
                0x0000000008003358                PROVIDE (__preinit_array_start = .)
 *(.preinit_array*)
                0x0000000008003358                PROVIDE (__preinit_array_end = .)
                0x0000000008003358                . = ALIGN (0x4)

.init_array     0x0000000008003358        0x4
                0x0000000008003358                . = ALIGN (0x4)
                0x0000000008003358                PROVIDE (__init_array_start = .)
 *(SORT_BY_NAME(.init_array.*))
 *(.init_array*)
 .init_array    0x0000000008003358        0x4 /opt/st/stm32cubeide_1.1.0/plugins/com.st.stm32cube.ide.mcu.externaltools.gnu-tools-for-stm32.7-2018-q2-update.linux64_1.0.0.201904181610/tools/bin/../lib/gcc/arm-none-eabi/7.3.1/thumb/v7e-m/fpv4-sp/hard/crtbegin.o
                0x000000000800335c                PROVIDE (__init_array_end = .)
                0x000000000800335c                . = ALIGN (0x4)

.fini_array     0x000000000800335c        0x4
                0x000000000800335c                . = ALIGN (0x4)
                [!provide]                        PROVIDE (__fini_array_start = .)
 *(SORT_BY_NAME(.fini_array.*))
 *(.fini_array*)
 .fini_array    0x000000000800335c        0x4 /opt/st/stm32cubeide_1.1.0/plugins/com.st.stm32cube.ide.mcu.externaltools.gnu-tools-for-stm32.7-2018-q2-update.linux64_1.0.0.201904181610/tools/bin/../lib/gcc/arm-none-eabi/7.3.1/thumb/v7e-m/fpv4-sp/hard/crtbegin.o
                [!provide]                        PROVIDE (__fini_array_end = .)
                0x0000000008003360                . = ALIGN (0x4)
                0x0000000008003360                _sidata = LOADADDR (.data)

.data           0x0000000020000000        0xc load address 0x0000000008003360
                0x0000000020000000                . = ALIGN (0x4)
                0x0000000020000000                _sdata = .
 *(.data)
 *(.data*)
 .data.SystemCoreClock
                0x0000000020000000        0x4 Core/Src/system_stm32l4xx.o
                0x0000000020000000                SystemCoreClock
 .data.uwTickPrio
                0x0000000020000004        0x4 Drivers/STM32L4xx_HAL_Driver/Src/stm32l4xx_hal.o
                0x0000000020000004                uwTickPrio
 .data.uwTickFreq
                0x0000000020000008        0x4 Drivers/STM32L4xx_HAL_Driver/Src/stm32l4xx_hal.o
                0x0000000020000008                uwTickFreq
                0x000000002000000c                . = ALIGN (0x4)
                0x000000002000000c                _edata = .

.igot.plt       0x000000002000000c        0x0 load address 0x000000000800336c
 .igot.plt      0x000000002000000c        0x0 /opt/st/stm32cubeide_1.1.0/plugins/com.st.stm32cube.ide.mcu.externaltools.gnu-tools-for-stm32.7-2018-q2-update.linux64_1.0.0.201904181610/tools/bin/../lib/gcc/arm-none-eabi/7.3.1/thumb/v7e-m/fpv4-sp/hard/crtbegin.o
                0x000000002000000c                . = ALIGN (0x4)

.bss            0x000000002000000c       0xa0 load address 0x000000000800336c
                0x000000002000000c                _sbss = .
                0x000000002000000c                __bss_start__ = _sbss
 *(.bss)
 .bss           0x000000002000000c       0x1c /opt/st/stm32cubeide_1.1.0/plugins/com.st.stm32cube.ide.mcu.externaltools.gnu-tools-for-stm32.7-2018-q2-update.linux64_1.0.0.201904181610/tools/bin/../lib/gcc/arm-none-eabi/7.3.1/thumb/v7e-m/fpv4-sp/hard/crtbegin.o
 *(.bss*)
 *(COMMON)
 COMMON         0x0000000020000028       0x80 Core/Src/usart.o
                0x0000000020000028                huart2
 COMMON         0x00000000200000a8        0x4 Drivers/STM32L4xx_HAL_Driver/Src/stm32l4xx_hal.o
                0x00000000200000a8                uwTick
                0x00000000200000ac                . = ALIGN (0x4)
                0x00000000200000ac                _ebss = .
                0x00000000200000ac                __bss_end__ = _ebss

._user_heap_stack
                0x00000000200000ac      0x604 load address 0x000000000800336c
                0x00000000200000b0                . = ALIGN (0x8)
 *fill*         0x00000000200000ac        0x4 
                0x00000000200000b0                PROVIDE (end = .)
                [!provide]                        PROVIDE (_end = .)
                0x00000000200002b0                . = (. + _Min_Heap_Size)
 *fill*         0x00000000200000b0      0x200 
                0x00000000200006b0                . = (. + _Min_Stack_Size)
 *fill*         0x00000000200002b0      0x400 
                0x00000000200006b0                . = ALIGN (0x8)

/DISCARD/
 libc.a(*)
 libm.a(*)
 libgcc.a(*)

.ARM.attributes
                0x0000000000000000       0x30
 *(.ARM.attributes)
 .ARM.attributes
                0x0000000000000000       0x22 /opt/st/stm32cubeide_1.1.0/plugins/com.st.stm32cube.ide.mcu.externaltools.gnu-tools-for-stm32.7-2018-q2-update.linux64_1.0.0.201904181610/tools/bin/../lib/gcc/arm-none-eabi/7.3.1/thumb/v7e-m/fpv4-sp/hard/crti.o
 .ARM.attributes
                0x0000000000000022       0x34 /opt/st/stm32cubeide_1.1.0/plugins/com.st.stm32cube.ide.mcu.externaltools.gnu-tools-for-stm32.7-2018-q2-update.linux64_1.0.0.201904181610/tools/bin/../lib/gcc/arm-none-eabi/7.3.1/thumb/v7e-m/fpv4-sp/hard/crtbegin.o
 .ARM.attributes
                0x0000000000000056       0x39 Core/Src/clock.o
 .ARM.attributes
                0x000000000000008f       0x39 Core/Src/gpio.o
 .ARM.attributes
                0x00000000000000c8       0x39 Core/Src/main.o
 .ARM.attributes
                0x0000000000000101       0x39 Core/Src/pingpong_functions.o
 .ARM.attributes
                0x000000000000013a       0x39 Core/Src/stm32l4xx_hal_msp.o
 .ARM.attributes
                0x0000000000000173       0x39 Core/Src/stm32l4xx_it.o
 .ARM.attributes
                0x00000000000001ac       0x39 Core/Src/system_stm32l4xx.o
 .ARM.attributes
                0x00000000000001e5       0x39 Core/Src/test.o
 .ARM.attributes
                0x000000000000021e       0x39 Core/Src/usart.o
 .ARM.attributes
                0x0000000000000257       0x21 Core/Startup/startup_stm32l476rgtx.o
 .ARM.attributes
                0x0000000000000278       0x39 Drivers/STM32L4xx_HAL_Driver/Src/stm32l4xx_hal.o
 .ARM.attributes
                0x00000000000002b1       0x39 Drivers/STM32L4xx_HAL_Driver/Src/stm32l4xx_hal_cortex.o
 .ARM.attributes
                0x00000000000002ea       0x39 Drivers/STM32L4xx_HAL_Driver/Src/stm32l4xx_hal_gpio.o
 .ARM.attributes
                0x0000000000000323       0x39 Drivers/STM32L4xx_HAL_Driver/Src/stm32l4xx_hal_pwr_ex.o
 .ARM.attributes
                0x000000000000035c       0x39 Drivers/STM32L4xx_HAL_Driver/Src/stm32l4xx_hal_rcc.o
 .ARM.attributes
                0x0000000000000395       0x39 Drivers/STM32L4xx_HAL_Driver/Src/stm32l4xx_hal_rcc_ex.o
 .ARM.attributes
                0x00000000000003ce       0x39 Drivers/STM32L4xx_HAL_Driver/Src/stm32l4xx_hal_uart.o
 .ARM.attributes
                0x0000000000000407       0x34 /opt/st/stm32cubeide_1.1.0/plugins/com.st.stm32cube.ide.mcu.externaltools.gnu-tools-for-stm32.7-2018-q2-update.linux64_1.0.0.201904181610/tools/bin/../lib/gcc/arm-none-eabi/7.3.1/../../../../arm-none-eabi/lib/thumb/v7e-m/fpv4-sp/hard/libc_nano.a(lib_a-init.o)
 .ARM.attributes
                0x000000000000043b       0x34 /opt/st/stm32cubeide_1.1.0/plugins/com.st.stm32cube.ide.mcu.externaltools.gnu-tools-for-stm32.7-2018-q2-update.linux64_1.0.0.201904181610/tools/bin/../lib/gcc/arm-none-eabi/7.3.1/../../../../arm-none-eabi/lib/thumb/v7e-m/fpv4-sp/hard/libc_nano.a(lib_a-memset.o)
 .ARM.attributes
                0x000000000000046f       0x22 /opt/st/stm32cubeide_1.1.0/plugins/com.st.stm32cube.ide.mcu.externaltools.gnu-tools-for-stm32.7-2018-q2-update.linux64_1.0.0.201904181610/tools/bin/../lib/gcc/arm-none-eabi/7.3.1/thumb/v7e-m/fpv4-sp/hard/libgcc.a(_aeabi_uldivmod.o)
 .ARM.attributes
                0x0000000000000491       0x34 /opt/st/stm32cubeide_1.1.0/plugins/com.st.stm32cube.ide.mcu.externaltools.gnu-tools-for-stm32.7-2018-q2-update.linux64_1.0.0.201904181610/tools/bin/../lib/gcc/arm-none-eabi/7.3.1/thumb/v7e-m/fpv4-sp/hard/libgcc.a(_udivmoddi4.o)
 .ARM.attributes
                0x00000000000004c5       0x22 /opt/st/stm32cubeide_1.1.0/plugins/com.st.stm32cube.ide.mcu.externaltools.gnu-tools-for-stm32.7-2018-q2-update.linux64_1.0.0.201904181610/tools/bin/../lib/gcc/arm-none-eabi/7.3.1/thumb/v7e-m/fpv4-sp/hard/libgcc.a(_dvmd_tls.o)
 .ARM.attributes
                0x00000000000004e7       0x22 /opt/st/stm32cubeide_1.1.0/plugins/com.st.stm32cube.ide.mcu.externaltools.gnu-tools-for-stm32.7-2018-q2-update.linux64_1.0.0.201904181610/tools/bin/../lib/gcc/arm-none-eabi/7.3.1/thumb/v7e-m/fpv4-sp/hard/crtn.o
OUTPUT(Pingpong.elf elf32-littlearm)

.debug_info     0x0000000000000000     0xb98f
 .debug_info    0x0000000000000000      0xb3c Core/Src/clock.o
 .debug_info    0x0000000000000b3c      0xb4c Core/Src/gpio.o
 .debug_info    0x0000000000001688      0x7bf Core/Src/main.o
 .debug_info    0x0000000000001e47      0xa4f Core/Src/pingpong_functions.o
 .debug_info    0x0000000000002896      0x9e2 Core/Src/stm32l4xx_hal_msp.o
 .debug_info    0x0000000000003278      0x832 Core/Src/stm32l4xx_it.o
 .debug_info    0x0000000000003aaa      0x6f6 Core/Src/system_stm32l4xx.o
 .debug_info    0x00000000000041a0      0x849 Core/Src/test.o
 .debug_info    0x00000000000049e9      0xb7a Core/Src/usart.o
 .debug_info    0x0000000000005563       0x22 Core/Startup/startup_stm32l476rgtx.o
 .debug_info    0x0000000000005585      0xcee Drivers/STM32L4xx_HAL_Driver/Src/stm32l4xx_hal.o
 .debug_info    0x0000000000006273      0xf3c Drivers/STM32L4xx_HAL_Driver/Src/stm32l4xx_hal_cortex.o
 .debug_info    0x00000000000071af      0x982 Drivers/STM32L4xx_HAL_Driver/Src/stm32l4xx_hal_gpio.o
 .debug_info    0x0000000000007b31      0xada Drivers/STM32L4xx_HAL_Driver/Src/stm32l4xx_hal_pwr_ex.o
 .debug_info    0x000000000000860b      0xcfe Drivers/STM32L4xx_HAL_Driver/Src/stm32l4xx_hal_rcc.o
 .debug_info    0x0000000000009309      0xf10 Drivers/STM32L4xx_HAL_Driver/Src/stm32l4xx_hal_rcc_ex.o
 .debug_info    0x000000000000a219     0x1776 Drivers/STM32L4xx_HAL_Driver/Src/stm32l4xx_hal_uart.o

.debug_abbrev   0x0000000000000000     0x1b83
 .debug_abbrev  0x0000000000000000      0x14f Core/Src/clock.o
 .debug_abbrev  0x000000000000014f      0x163 Core/Src/gpio.o
 .debug_abbrev  0x00000000000002b2      0x14b Core/Src/main.o
 .debug_abbrev  0x00000000000003fd      0x183 Core/Src/pingpong_functions.o
 .debug_abbrev  0x0000000000000580      0x154 Core/Src/stm32l4xx_hal_msp.o
 .debug_abbrev  0x00000000000006d4      0x149 Core/Src/stm32l4xx_it.o
 .debug_abbrev  0x000000000000081d      0x150 Core/Src/system_stm32l4xx.o
 .debug_abbrev  0x000000000000096d      0x169 Core/Src/test.o
 .debug_abbrev  0x0000000000000ad6      0x199 Core/Src/usart.o
 .debug_abbrev  0x0000000000000c6f       0x12 Core/Startup/startup_stm32l476rgtx.o
 .debug_abbrev  0x0000000000000c81      0x1fb Drivers/STM32L4xx_HAL_Driver/Src/stm32l4xx_hal.o
 .debug_abbrev  0x0000000000000e7c      0x2fa Drivers/STM32L4xx_HAL_Driver/Src/stm32l4xx_hal_cortex.o
 .debug_abbrev  0x0000000000001176      0x1c0 Drivers/STM32L4xx_HAL_Driver/Src/stm32l4xx_hal_gpio.o
 .debug_abbrev  0x0000000000001336      0x1cb Drivers/STM32L4xx_HAL_Driver/Src/stm32l4xx_hal_pwr_ex.o
 .debug_abbrev  0x0000000000001501      0x245 Drivers/STM32L4xx_HAL_Driver/Src/stm32l4xx_hal_rcc.o
 .debug_abbrev  0x0000000000001746      0x238 Drivers/STM32L4xx_HAL_Driver/Src/stm32l4xx_hal_rcc_ex.o
 .debug_abbrev  0x000000000000197e      0x205 Drivers/STM32L4xx_HAL_Driver/Src/stm32l4xx_hal_uart.o

.debug_aranges  0x0000000000000000      0x910
 .debug_aranges
                0x0000000000000000       0x20 Core/Src/clock.o
 .debug_aranges
                0x0000000000000020       0x20 Core/Src/gpio.o
 .debug_aranges
                0x0000000000000040       0x28 Core/Src/main.o
 .debug_aranges
                0x0000000000000068       0x40 Core/Src/pingpong_functions.o
 .debug_aranges
                0x00000000000000a8       0x20 Core/Src/stm32l4xx_hal_msp.o
 .debug_aranges
                0x00000000000000c8       0x60 Core/Src/stm32l4xx_it.o
 .debug_aranges
                0x0000000000000128       0x28 Core/Src/system_stm32l4xx.o
 .debug_aranges
                0x0000000000000150       0x40 Core/Src/test.o
 .debug_aranges
                0x0000000000000190       0x30 Core/Src/usart.o
 .debug_aranges
                0x00000000000001c0       0x28 Core/Startup/startup_stm32l476rgtx.o
 .debug_aranges
                0x00000000000001e8      0x130 Drivers/STM32L4xx_HAL_Driver/Src/stm32l4xx_hal.o
 .debug_aranges
                0x0000000000000318      0x118 Drivers/STM32L4xx_HAL_Driver/Src/stm32l4xx_hal_cortex.o
 .debug_aranges
                0x0000000000000430       0x58 Drivers/STM32L4xx_HAL_Driver/Src/stm32l4xx_hal_gpio.o
 .debug_aranges
                0x0000000000000488      0x148 Drivers/STM32L4xx_HAL_Driver/Src/stm32l4xx_hal_pwr_ex.o
 .debug_aranges
                0x00000000000005d0       0x88 Drivers/STM32L4xx_HAL_Driver/Src/stm32l4xx_hal_rcc.o
 .debug_aranges
                0x0000000000000658       0xc0 Drivers/STM32L4xx_HAL_Driver/Src/stm32l4xx_hal_rcc_ex.o
 .debug_aranges
                0x0000000000000718      0x1f8 Drivers/STM32L4xx_HAL_Driver/Src/stm32l4xx_hal_uart.o

.debug_ranges   0x0000000000000000      0x808
 .debug_ranges  0x0000000000000000       0x10 Core/Src/clock.o
 .debug_ranges  0x0000000000000010       0x10 Core/Src/gpio.o
 .debug_ranges  0x0000000000000020       0x18 Core/Src/main.o
 .debug_ranges  0x0000000000000038       0x30 Core/Src/pingpong_functions.o
 .debug_ranges  0x0000000000000068       0x10 Core/Src/stm32l4xx_hal_msp.o
 .debug_ranges  0x0000000000000078       0x50 Core/Src/stm32l4xx_it.o
 .debug_ranges  0x00000000000000c8       0x18 Core/Src/system_stm32l4xx.o
 .debug_ranges  0x00000000000000e0       0x30 Core/Src/test.o
 .debug_ranges  0x0000000000000110       0x20 Core/Src/usart.o
 .debug_ranges  0x0000000000000130       0x20 Core/Startup/startup_stm32l476rgtx.o
 .debug_ranges  0x0000000000000150      0x120 Drivers/STM32L4xx_HAL_Driver/Src/stm32l4xx_hal.o
 .debug_ranges  0x0000000000000270      0x108 Drivers/STM32L4xx_HAL_Driver/Src/stm32l4xx_hal_cortex.o
 .debug_ranges  0x0000000000000378       0x48 Drivers/STM32L4xx_HAL_Driver/Src/stm32l4xx_hal_gpio.o
 .debug_ranges  0x00000000000003c0      0x138 Drivers/STM32L4xx_HAL_Driver/Src/stm32l4xx_hal_pwr_ex.o
 .debug_ranges  0x00000000000004f8       0x78 Drivers/STM32L4xx_HAL_Driver/Src/stm32l4xx_hal_rcc.o
 .debug_ranges  0x0000000000000570       0xb0 Drivers/STM32L4xx_HAL_Driver/Src/stm32l4xx_hal_rcc_ex.o
 .debug_ranges  0x0000000000000620      0x1e8 Drivers/STM32L4xx_HAL_Driver/Src/stm32l4xx_hal_uart.o

.debug_macro    0x0000000000000000    0x25a12
 .debug_macro   0x0000000000000000      0x235 Core/Src/clock.o
 .debug_macro   0x0000000000000235      0xa5a Core/Src/clock.o
 .debug_macro   0x0000000000000c8f       0xba Core/Src/clock.o
 .debug_macro   0x0000000000000d49       0x2e Core/Src/clock.o
 .debug_macro   0x0000000000000d77       0x28 Core/Src/clock.o
 .debug_macro   0x0000000000000d9f       0x22 Core/Src/clock.o
 .debug_macro   0x0000000000000dc1       0x8e Core/Src/clock.o
 .debug_macro   0x0000000000000e4f       0x51 Core/Src/clock.o
 .debug_macro   0x0000000000000ea0       0xef Core/Src/clock.o
 .debug_macro   0x0000000000000f8f       0x6a Core/Src/clock.o
 .debug_macro   0x0000000000000ff9      0x1df Core/Src/clock.o
 .debug_macro   0x00000000000011d8       0x1c Core/Src/clock.o
 .debug_macro   0x00000000000011f4       0x22 Core/Src/clock.o
 .debug_macro   0x0000000000001216       0xdf Core/Src/clock.o
 .debug_macro   0x00000000000012f5     0x102d Core/Src/clock.o
 .debug_macro   0x0000000000002322      0x11f Core/Src/clock.o
 .debug_macro   0x0000000000002441    0x1a11f Core/Src/clock.o
 .debug_macro   0x000000000001c560       0x43 Core/Src/clock.o
 .debug_macro   0x000000000001c5a3     0x3820 Core/Src/clock.o
 .debug_macro   0x000000000001fdc3      0x174 Core/Src/clock.o
 .debug_macro   0x000000000001ff37       0x5a Core/Src/clock.o
 .debug_macro   0x000000000001ff91     0x155f Core/Src/clock.o
 .debug_macro   0x00000000000214f0      0x59e Core/Src/clock.o
 .debug_macro   0x0000000000021a8e      0x241 Core/Src/clock.o
 .debug_macro   0x0000000000021ccf      0x13d Core/Src/clock.o
 .debug_macro   0x0000000000021e0c      0x18b Core/Src/clock.o
 .debug_macro   0x0000000000021f97      0x26b Core/Src/clock.o
 .debug_macro   0x0000000000022202      0x236 Core/Src/clock.o
 .debug_macro   0x0000000000022438      0x36e Core/Src/clock.o
 .debug_macro   0x00000000000227a6       0xe4 Core/Src/clock.o
 .debug_macro   0x000000000002288a      0x22c Core/Src/clock.o
 .debug_macro   0x0000000000022ab6       0x5e Core/Src/clock.o
 .debug_macro   0x0000000000022b14       0xa5 Core/Src/clock.o
 .debug_macro   0x0000000000022bb9      0x122 Core/Src/clock.o
 .debug_macro   0x0000000000022cdb      0x3d4 Core/Src/clock.o
 .debug_macro   0x00000000000230af      0x57b Core/Src/clock.o
 .debug_macro   0x000000000002362a       0x44 Core/Src/clock.o
 .debug_macro   0x000000000002366e      0x349 Core/Src/clock.o
 .debug_macro   0x00000000000239b7       0x22 Core/Src/clock.o
 .debug_macro   0x00000000000239d9       0xd0 Core/Src/clock.o
 .debug_macro   0x0000000000023aa9      0x231 Core/Src/gpio.o
 .debug_macro   0x0000000000023cda      0x233 Core/Src/main.o
 .debug_macro   0x0000000000023f0d      0x235 Core/Src/pingpong_functions.o
 .debug_macro   0x0000000000024142      0x22d Core/Src/stm32l4xx_hal_msp.o
 .debug_macro   0x000000000002436f      0x237 Core/Src/stm32l4xx_it.o
 .debug_macro   0x00000000000245a6      0x1db Core/Src/system_stm32l4xx.o
 .debug_macro   0x0000000000024781      0x239 Core/Src/test.o
 .debug_macro   0x00000000000249ba      0x231 Core/Src/usart.o
 .debug_macro   0x0000000000024beb      0x223 Drivers/STM32L4xx_HAL_Driver/Src/stm32l4xx_hal.o
 .debug_macro   0x0000000000024e0e      0x1d5 Drivers/STM32L4xx_HAL_Driver/Src/stm32l4xx_hal_cortex.o
 .debug_macro   0x0000000000024fe3      0x214 Drivers/STM32L4xx_HAL_Driver/Src/stm32l4xx_hal_gpio.o
 .debug_macro   0x00000000000251f7      0x1f9 Drivers/STM32L4xx_HAL_Driver/Src/stm32l4xx_hal_pwr_ex.o
 .debug_macro   0x00000000000253f0      0x217 Drivers/STM32L4xx_HAL_Driver/Src/stm32l4xx_hal_rcc.o
 .debug_macro   0x0000000000025607      0x20b Drivers/STM32L4xx_HAL_Driver/Src/stm32l4xx_hal_rcc_ex.o
 .debug_macro   0x0000000000025812      0x200 Drivers/STM32L4xx_HAL_Driver/Src/stm32l4xx_hal_uart.o

.debug_line     0x0000000000000000     0x9070
 .debug_line    0x0000000000000000      0x722 Core/Src/clock.o
 .debug_line    0x0000000000000722      0x728 Core/Src/gpio.o
 .debug_line    0x0000000000000e4a      0x721 Core/Src/main.o
 .debug_line    0x000000000000156b      0x80a Core/Src/pingpong_functions.o
 .debug_line    0x0000000000001d75      0x715 Core/Src/stm32l4xx_hal_msp.o
 .debug_line    0x000000000000248a      0x7b9 Core/Src/stm32l4xx_it.o
 .debug_line    0x0000000000002c43      0x6e3 Core/Src/system_stm32l4xx.o
 .debug_line    0x0000000000003326      0x7b7 Core/Src/test.o
 .debug_line    0x0000000000003add      0x740 Core/Src/usart.o
 .debug_line    0x000000000000421d       0x85 Core/Startup/startup_stm32l476rgtx.o
 .debug_line    0x00000000000042a2      0x957 Drivers/STM32L4xx_HAL_Driver/Src/stm32l4xx_hal.o
 .debug_line    0x0000000000004bf9      0x9e1 Drivers/STM32L4xx_HAL_Driver/Src/stm32l4xx_hal_cortex.o
 .debug_line    0x00000000000055da      0x876 Drivers/STM32L4xx_HAL_Driver/Src/stm32l4xx_hal_gpio.o
 .debug_line    0x0000000000005e50      0xa54 Drivers/STM32L4xx_HAL_Driver/Src/stm32l4xx_hal_pwr_ex.o
 .debug_line    0x00000000000068a4      0x9bd Drivers/STM32L4xx_HAL_Driver/Src/stm32l4xx_hal_rcc.o
 .debug_line    0x0000000000007261      0xc3e Drivers/STM32L4xx_HAL_Driver/Src/stm32l4xx_hal_rcc_ex.o
 .debug_line    0x0000000000007e9f     0x11d1 Drivers/STM32L4xx_HAL_Driver/Src/stm32l4xx_hal_uart.o

.debug_str      0x0000000000000000    0xe473d
 .debug_str     0x0000000000000000    0xe1e78 Core/Src/clock.o
                                      0xe21af (size before relaxing)
 .debug_str     0x00000000000e1e78      0x1cc Core/Src/gpio.o
                                      0xe1f56 (size before relaxing)
 .debug_str     0x00000000000e2044       0x38 Core/Src/main.o
                                      0xe1dbd (size before relaxing)
 .debug_str     0x00000000000e207c       0x79 Core/Src/pingpong_functions.o
                                      0xe1e79 (size before relaxing)
 .debug_str     0x00000000000e20f5       0x2c Core/Src/stm32l4xx_hal_msp.o
                                      0xe1ed9 (size before relaxing)
 .debug_str     0x00000000000e2121       0xbd Core/Src/stm32l4xx_it.o
                                      0xe1e42 (size before relaxing)
 .debug_str     0x00000000000e21de       0xcd Core/Src/system_stm32l4xx.o
                                      0xe185d (size before relaxing)
 .debug_str     0x00000000000e22ab       0x70 Core/Src/test.o
                                      0xe1e02 (size before relaxing)
 .debug_str     0x00000000000e231b       0x57 Core/Src/usart.o
                                      0xe1f97 (size before relaxing)
 .debug_str     0x00000000000e2372       0x36 Core/Startup/startup_stm32l476rgtx.o
                                         0x6d (size before relaxing)
 .debug_str     0x00000000000e23a8      0xa59 Drivers/STM32L4xx_HAL_Driver/Src/stm32l4xx_hal.o
                                      0xe23a0 (size before relaxing)
 .debug_str     0x00000000000e2e01      0x392 Drivers/STM32L4xx_HAL_Driver/Src/stm32l4xx_hal_cortex.o
                                      0xe20b0 (size before relaxing)
 .debug_str     0x00000000000e3193      0x236 Drivers/STM32L4xx_HAL_Driver/Src/stm32l4xx_hal_gpio.o
                                      0xe1adc (size before relaxing)
 .debug_str     0x00000000000e33c9      0x487 Drivers/STM32L4xx_HAL_Driver/Src/stm32l4xx_hal_pwr_ex.o
                                      0xe1d4b (size before relaxing)
 .debug_str     0x00000000000e3850      0x34e Drivers/STM32L4xx_HAL_Driver/Src/stm32l4xx_hal_rcc.o
                                      0xe1e1f (size before relaxing)
 .debug_str     0x00000000000e3b9e      0x3a6 Drivers/STM32L4xx_HAL_Driver/Src/stm32l4xx_hal_rcc_ex.o
                                      0xe1fb0 (size before relaxing)
 .debug_str     0x00000000000e3f44      0x7f9 Drivers/STM32L4xx_HAL_Driver/Src/stm32l4xx_hal_uart.o
                                      0xe23b6 (size before relaxing)

.comment        0x0000000000000000       0x7b
 .comment       0x0000000000000000       0x7b Core/Src/clock.o
                                         0x7c (size before relaxing)
 .comment       0x000000000000007b       0x7c Core/Src/gpio.o
 .comment       0x000000000000007b       0x7c Core/Src/main.o
 .comment       0x000000000000007b       0x7c Core/Src/pingpong_functions.o
 .comment       0x000000000000007b       0x7c Core/Src/stm32l4xx_hal_msp.o
 .comment       0x000000000000007b       0x7c Core/Src/stm32l4xx_it.o
 .comment       0x000000000000007b       0x7c Core/Src/system_stm32l4xx.o
 .comment       0x000000000000007b       0x7c Core/Src/test.o
 .comment       0x000000000000007b       0x7c Core/Src/usart.o
 .comment       0x000000000000007b       0x7c Drivers/STM32L4xx_HAL_Driver/Src/stm32l4xx_hal.o
 .comment       0x000000000000007b       0x7c Drivers/STM32L4xx_HAL_Driver/Src/stm32l4xx_hal_cortex.o
 .comment       0x000000000000007b       0x7c Drivers/STM32L4xx_HAL_Driver/Src/stm32l4xx_hal_gpio.o
 .comment       0x000000000000007b       0x7c Drivers/STM32L4xx_HAL_Driver/Src/stm32l4xx_hal_pwr_ex.o
 .comment       0x000000000000007b       0x7c Drivers/STM32L4xx_HAL_Driver/Src/stm32l4xx_hal_rcc.o
 .comment       0x000000000000007b       0x7c Drivers/STM32L4xx_HAL_Driver/Src/stm32l4xx_hal_rcc_ex.o
 .comment       0x000000000000007b       0x7c Drivers/STM32L4xx_HAL_Driver/Src/stm32l4xx_hal_uart.o

.debug_frame    0x0000000000000000     0x2274
 .debug_frame   0x0000000000000000       0x38 Core/Src/clock.o
 .debug_frame   0x0000000000000038       0x34 Core/Src/gpio.o
 .debug_frame   0x000000000000006c       0x4c Core/Src/main.o
 .debug_frame   0x00000000000000b8       0xc0 Core/Src/pingpong_functions.o
 .debug_frame   0x0000000000000178       0x38 Core/Src/stm32l4xx_hal_msp.o
 .debug_frame   0x00000000000001b0      0x10c Core/Src/stm32l4xx_it.o
 .debug_frame   0x00000000000002bc       0x58 Core/Src/system_stm32l4xx.o
 .debug_frame   0x0000000000000314       0xb4 Core/Src/test.o
 .debug_frame   0x00000000000003c8       0x74 Core/Src/usart.o
 .debug_frame   0x000000000000043c      0x498 Drivers/STM32L4xx_HAL_Driver/Src/stm32l4xx_hal.o
 .debug_frame   0x00000000000008d4      0x498 Drivers/STM32L4xx_HAL_Driver/Src/stm32l4xx_hal_cortex.o
 .debug_frame   0x0000000000000d6c      0x14c Drivers/STM32L4xx_HAL_Driver/Src/stm32l4xx_hal_gpio.o
 .debug_frame   0x0000000000000eb8      0x524 Drivers/STM32L4xx_HAL_Driver/Src/stm32l4xx_hal_pwr_ex.o
 .debug_frame   0x00000000000013dc      0x1f4 Drivers/STM32L4xx_HAL_Driver/Src/stm32l4xx_hal_rcc.o
 .debug_frame   0x00000000000015d0      0x2fc Drivers/STM32L4xx_HAL_Driver/Src/stm32l4xx_hal_rcc_ex.o
 .debug_frame   0x00000000000018cc      0x8fc Drivers/STM32L4xx_HAL_Driver/Src/stm32l4xx_hal_uart.o
 .debug_frame   0x00000000000021c8       0x2c /opt/st/stm32cubeide_1.1.0/plugins/com.st.stm32cube.ide.mcu.externaltools.gnu-tools-for-stm32.7-2018-q2-update.linux64_1.0.0.201904181610/tools/bin/../lib/gcc/arm-none-eabi/7.3.1/../../../../arm-none-eabi/lib/thumb/v7e-m/fpv4-sp/hard/libc_nano.a(lib_a-init.o)
 .debug_frame   0x00000000000021f4       0x20 /opt/st/stm32cubeide_1.1.0/plugins/com.st.stm32cube.ide.mcu.externaltools.gnu-tools-for-stm32.7-2018-q2-update.linux64_1.0.0.201904181610/tools/bin/../lib/gcc/arm-none-eabi/7.3.1/../../../../arm-none-eabi/lib/thumb/v7e-m/fpv4-sp/hard/libc_nano.a(lib_a-memset.o)
 .debug_frame   0x0000000000002214       0x2c /opt/st/stm32cubeide_1.1.0/plugins/com.st.stm32cube.ide.mcu.externaltools.gnu-tools-for-stm32.7-2018-q2-update.linux64_1.0.0.201904181610/tools/bin/../lib/gcc/arm-none-eabi/7.3.1/thumb/v7e-m/fpv4-sp/hard/libgcc.a(_aeabi_uldivmod.o)
 .debug_frame   0x0000000000002240       0x34 /opt/st/stm32cubeide_1.1.0/plugins/com.st.stm32cube.ide.mcu.externaltools.gnu-tools-for-stm32.7-2018-q2-update.linux64_1.0.0.201904181610/tools/bin/../lib/gcc/arm-none-eabi/7.3.1/thumb/v7e-m/fpv4-sp/hard/libgcc.a(_udivmoddi4.o)
